Build started 9/2/2017 4:19:31 PM.
     1>Project "D:\WoMAengine2014\_LIBS\Microsoft_DirectX_SDK_June_2010\Samples\C++\Effects11\Effects11_2010.vcxproj" on node 2 (Build target(s)).
     1>ClCompile:
         E:\Microsoft Visual Studio 11.0\VC\bin\CL.exe /c /I.\Binary /I.\Inc /I..\..\\Core /I..\..\\Optional /ZI /nologo /W4 /WX- /Od /Oi /Oy- /D WIN32 /D _DEBUG /D DEBUG /D PROFILE /D _WINDOWS /D _LIB /D D3DXFX_LARGEADDRESS_HANDLE /D _UNICODE /D UNICODE /Gm- /EHsc /RTC1 /MDd /GS /arch:SSE2 /fp:fast /Zc:wchar_t /Zc:forScope /openmp- /Fo"Debug\\" /Fd"Debug\vc110.pdb" /Gd /TP /analyze- /errorReport:prompt  d3dx11dbg.cpp d3dxGlobal.cpp EffectAPI.cpp EffectLoad.cpp EffectNonRuntime.cpp EffectReflection.cpp EffectRuntime.cpp
         d3dx11dbg.cpp
     1>c:\program files (x86)\microsoft sdks\windows\v7.1a\include\sal_supp.h(57): warning C4005: '__useHeader' : macro redefinition
                 e:\microsoft visual studio 11.0\vc\include\sal.h(2872) : see previous definition of '__useHeader'
     1>c:\program files (x86)\microsoft sdks\windows\v7.1a\include\specstrings_supp.h(77): warning C4005: '__on_failure' : macro redefinition
                 e:\microsoft visual studio 11.0\vc\include\sal.h(2882) : see previous definition of '__on_failure'
         d3dxGlobal.cpp
     1>c:\program files (x86)\microsoft sdks\windows\v7.1a\include\sal_supp.h(57): warning C4005: '__useHeader' : macro redefinition
                 e:\microsoft visual studio 11.0\vc\include\sal.h(2872) : see previous definition of '__useHeader'
     1>c:\program files (x86)\microsoft sdks\windows\v7.1a\include\specstrings_supp.h(77): warning C4005: '__on_failure' : macro redefinition
                 e:\microsoft visual studio 11.0\vc\include\sal.h(2882) : see previous definition of '__on_failure'
         EffectAPI.cpp
     1>c:\program files (x86)\microsoft sdks\windows\v7.1a\include\sal_supp.h(57): warning C4005: '__useHeader' : macro redefinition
                 e:\microsoft visual studio 11.0\vc\include\sal.h(2872) : see previous definition of '__useHeader'
     1>c:\program files (x86)\microsoft sdks\windows\v7.1a\include\specstrings_supp.h(77): warning C4005: '__on_failure' : macro redefinition
                 e:\microsoft visual studio 11.0\vc\include\sal.h(2882) : see previous definition of '__on_failure'
         EffectLoad.cpp
     1>c:\program files (x86)\microsoft sdks\windows\v7.1a\include\sal_supp.h(57): warning C4005: '__useHeader' : macro redefinition
                 e:\microsoft visual studio 11.0\vc\include\sal.h(2872) : see previous definition of '__useHeader'
     1>c:\program files (x86)\microsoft sdks\windows\v7.1a\include\specstrings_supp.h(77): warning C4005: '__on_failure' : macro redefinition
                 e:\microsoft visual studio 11.0\vc\include\sal.h(2882) : see previous definition of '__on_failure'
         EffectNonRuntime.cpp
     1>c:\program files (x86)\microsoft sdks\windows\v7.1a\include\sal_supp.h(57): warning C4005: '__useHeader' : macro redefinition
                 e:\microsoft visual studio 11.0\vc\include\sal.h(2872) : see previous definition of '__useHeader'
     1>c:\program files (x86)\microsoft sdks\windows\v7.1a\include\specstrings_supp.h(77): warning C4005: '__on_failure' : macro redefinition
                 e:\microsoft visual studio 11.0\vc\include\sal.h(2882) : see previous definition of '__on_failure'
         EffectReflection.cpp
     1>c:\program files (x86)\microsoft sdks\windows\v7.1a\include\sal_supp.h(57): warning C4005: '__useHeader' : macro redefinition
                 e:\microsoft visual studio 11.0\vc\include\sal.h(2872) : see previous definition of '__useHeader'
     1>c:\program files (x86)\microsoft sdks\windows\v7.1a\include\specstrings_supp.h(77): warning C4005: '__on_failure' : macro redefinition
                 e:\microsoft visual studio 11.0\vc\include\sal.h(2882) : see previous definition of '__on_failure'
         EffectRuntime.cpp
     1>c:\program files (x86)\microsoft sdks\windows\v7.1a\include\sal_supp.h(57): warning C4005: '__useHeader' : macro redefinition
                 e:\microsoft visual studio 11.0\vc\include\sal.h(2872) : see previous definition of '__useHeader'
     1>c:\program files (x86)\microsoft sdks\windows\v7.1a\include\specstrings_supp.h(77): warning C4005: '__on_failure' : macro redefinition
                 e:\microsoft visual studio 11.0\vc\include\sal.h(2882) : see previous definition of '__on_failure'
         Generating Code...
       Lib:
         E:\Microsoft Visual Studio 11.0\VC\bin\Lib.exe /OUT:"D:\WoMAengine2014\branch\Chapter 19 Terrain Rendering\Terrain\Debug\Effects11.lib" /NOLOGO Debug\d3dx11dbg.obj
         Debug\d3dxGlobal.obj
         Debug\EffectAPI.obj
         Debug\EffectLoad.obj
         Debug\EffectNonRuntime.obj
         Debug\EffectReflection.obj
         Debug\EffectRuntime.obj
         Effects11_2010.vcxproj -> D:\WoMAengine2014\branch\Chapter 19 Terrain Rendering\Terrain\Debug\Effects11.lib
     1>Done Building Project "D:\WoMAengine2014\_LIBS\Microsoft_DirectX_SDK_June_2010\Samples\C++\Effects11\Effects11_2010.vcxproj" (Build target(s)).

Build succeeded.

Time Elapsed 00:00:04.10
